manifests should match snapshot:
  1: |
    apiVersion: v1
    data:
      config.yaml: |
        schedulerName: slurm-bridge-scheduler
        slurmRestApi: http://slurm-restapi.slurm:6820
        managedNamespaces:
          - slurm-bridge
        mcsLabel: kubernetes
        partition: slurm-bridge
        deviceProfiles:
          null
    kind: ConfigMap
    metadata:
      labels:
        app.kubernetes.io/managed-by: Helm
        app.kubernetes.io/version: 1.2.3
        helm.sh/chart: slurm-bridge-1.2.3
      name: slurm-bridge-config
      namespace: test-namespace
  2: |
    apiVersion: apps/v1
    kind: Deployment
    metadata:
      labels:
        app.kubernetes.io/component: controllers
        app.kubernetes.io/instance: test-release
        app.kubernetes.io/managed-by: Helm
        app.kubernetes.io/name: slurm-bridge-controllers
        app.kubernetes.io/version: 1.2.3
        helm.sh/chart: slurm-bridge-1.2.3
      name: slurm-bridge-controllers
      namespace: test-namespace
    spec:
      replicas: 1
      selector:
        matchLabels:
          app.kubernetes.io/instance: test-release
          app.kubernetes.io/name: slurm-bridge-controllers
      template:
        metadata:
          annotations:
            checksum/config: 4c66f3f82b31e46a78b5d7b4fa22876f0395227f90b29ded4260606755a543e4
          labels:
            app.kubernetes.io/component: controllers
            app.kubernetes.io/instance: test-release
            app.kubernetes.io/managed-by: Helm
            app.kubernetes.io/name: slurm-bridge-controllers
            app.kubernetes.io/version: 1.2.3
            helm.sh/chart: slurm-bridge-1.2.3
        spec:
          containers:
            - args:
                - -zap-log-level
                - info
                - --leader-elect=false
              env:
                - name: SLURM_JWT_FILE
                  value: /var/run/secrets/slurm/auth-token
              image: ghcr.io/slinkyproject/slurm-bridge-controllers:1.2.3
              imagePullPolicy: IfNotPresent
              livenessProbe:
                httpGet:
                  path: /healthz
                  port: 8081
                initialDelaySeconds: 15
              name: slurm-bridge-controllers
              readinessProbe:
                httpGet:
                  path: /healthz
                  port: 8081
              volumeMounts:
                - mountPath: /etc/slurm-bridge/
                  name: slurm-bridge-config
                  readOnly: true
                - mountPath: /var/run/secrets/slurm
                  name: slurm-jwt
                  readOnly: true
          serviceAccountName: slurm-bridge-controllers
          volumes:
            - configMap:
                name: slurm-bridge-config
              name: slurm-bridge-config
            - name: slurm-jwt
              secret:
                items:
                  - key: auth-token
                    path: auth-token
                secretName: slurm-bridge-token
  3: |
    apiVersion: v1
    kind: ServiceAccount
    metadata:
      labels:
        app.kubernetes.io/component: controllers
        app.kubernetes.io/instance: test-release
        app.kubernetes.io/managed-by: Helm
        app.kubernetes.io/name: slurm-bridge-controllers
        app.kubernetes.io/version: 1.2.3
        helm.sh/chart: slurm-bridge-1.2.3
      name: slurm-bridge-controllers
      namespace: test-namespace
  4: |
    apiVersion: rbac.authorization.k8s.io/v1
    kind: ClusterRole
    metadata:
      name: slurm-bridge-controllers
      namespace: test-namespace
    rules:
      - apiGroups:
          - ""
        resources:
          - events
        verbs:
          - create
          - patch
      - apiGroups:
          - ""
        resources:
          - nodes
        verbs:
          - get
          - list
          - patch
          - watch
      - apiGroups:
          - ""
        resources:
          - pods
        verbs:
          - delete
          - get
          - list
          - patch
          - watch
      - apiGroups:
          - ""
        resources:
          - pods/finalizers
        verbs:
          - patch
          - update
      - apiGroups:
          - coordination.k8s.io
        resources:
          - leases
        verbs:
          - create
          - get
          - list
          - update
      - apiGroups:
          - resource.k8s.io
        resources:
          - resourceclaims
        verbs:
          - delete
          - get
          - list
          - watch
      - apiGroups:
          - resource.k8s.io
        resources:
          - resourceslices
        verbs:
          - get
          - list
          - watch
  5: |
    apiVersion: rbac.authorization.k8s.io/v1
    kind: ClusterRoleBinding
    metadata:
      labels:
        app.kubernetes.io/component: controllers
        app.kubernetes.io/instance: test-release
        app.kubernetes.io/managed-by: Helm
        app.kubernetes.io/name: slurm-bridge-controllers
        app.kubernetes.io/version: 1.2.3
        helm.sh/chart: slurm-bridge-1.2.3
      name: slurm-bridge-controllers
    roleRef:
      apiGroup: rbac.authorization.k8s.io
      kind: ClusterRole
      name: slurm-bridge-controllers
    subjects:
      - kind: ServiceAccount
        name: slurm-bridge-controllers
        namespace: test-namespace
  6: |
    apiVersion: v1
    kind: Service
    metadata:
      labels:
        app.kubernetes.io/component: controllers
        app.kubernetes.io/instance: test-release
        app.kubernetes.io/managed-by: Helm
        app.kubernetes.io/name: slurm-bridge-controllers
        app.kubernetes.io/version: 1.2.3
        helm.sh/chart: slurm-bridge-1.2.3
      name: slurm-bridge-controllers
      namespace: test-namespace
    spec:
      clusterIP: None
      ports:
        - name: metrics
          port: 8080
          protocol: TCP
          targetPort: 8080
        - name: health
          port: 8081
          protocol: TCP
          targetPort: 8081
      selector:
        app.kubernetes.io/instance: test-release
        app.kubernetes.io/name: slurm-bridge-controllers
